00:00 +0: loading /app/test/services/youtube_cache_service_test.dart                                                                                                                                   00:01 +0: loading /app/test/services/youtube_cache_service_test.dart                                                                                                                                   00:02 +0: loading /app/test/services/youtube_cache_service_test.dart                                                                                                                                   00:02 +0: /app/test/services/youtube_cache_service_test.dart: YouTubeCacheService should cache a YouTube track in database                                                                             00:02 +1: /app/test/services/youtube_cache_service_test.dart: YouTubeCacheService should cache a YouTube track in database                                                                             00:02 +1: /app/test/services/youtube_cache_service_test.dart: YouTubeCacheService should retrieve track from memory cache                                                                              00:02 +2: /app/test/services/youtube_cache_service_test.dart: YouTubeCacheService should retrieve track from memory cache                                                                              00:02 +2: /app/test/services/youtube_cache_service_test.dart: YouTubeCacheService should retrieve track from database cache when not in memory                                                         00:02 +3: /app/test/services/youtube_cache_service_test.dart: YouTubeCacheService should retrieve track from database cache when not in memory                                                         00:02 +3: /app/test/services/youtube_cache_service_test.dart: YouTubeCacheService should update access count when track is accessed                                                                    00:03 +3: /app/test/services/youtube_cache_service_test.dart: YouTubeCacheService should update access count when track is accessed                                                                    00:03 +4: /app/test/services/youtube_cache_service_test.dart: YouTubeCacheService should update access count when track is accessed                                                                    00:03 +5: /app/test/services/youtube_cache_service_test.dart: YouTubeCacheService should update access count when track is accessed                                                                    00:03 +6: /app/test/services/youtube_cache_service_test.dart: YouTubeCacheService should update access count when track is accessed                                                                    00:03 +7: /app/test/services/youtube_cache_service_test.dart: YouTubeCacheService should update access count when track is accessed                                                                    00:03 +8: /app/test/services/youtube_cache_service_test.dart: YouTubeCacheService should update access count when track is accessed                                                                    00:03 +9: /app/test/services/youtube_cache_service_test.dart: YouTubeCacheService should update access count when track is accessed                                                                    00:03 +10: /app/test/services/youtube_cache_service_test.dart: YouTubeCacheService should update access count when track is accessed                                                                   00:03 +11: /app/test/services/youtube_cache_service_test.dart: YouTubeCacheService should update access count when track is accessed                                                                   00:03 +12: /app/test/services/youtube_cache_service_test.dart: YouTubeCacheService should update access count when track is accessed                                                                   00:03 +13: /app/test/services/youtube_cache_service_test.dart: YouTubeCacheService should update access count when track is accessed                                                                   00:03 +14: /app/test/services/youtube_cache_service_test.dart: YouTubeCacheService should update access count when track is accessed                                                                   00:03 +15: /app/test/services/youtube_cache_service_test.dart: YouTubeCacheService should update access count when track is accessed                                                                   00:03 +16: /app/test/services/youtube_cache_service_test.dart: YouTubeCacheService should update access count when track is accessed                                                                   00:03 +17: /app/test/services/youtube_cache_service_test.dart: YouTubeCacheService should update access count when track is accessed                                                                   00:03 +18: /app/test/services/youtube_cache_service_test.dart: YouTubeCacheService should update access count when track is accessed                                                                   00:03 +19: /app/test/services/youtube_cache_service_test.dart: YouTubeCacheService should update access count when track is accessed                                                                   00:03 +20: /app/test/services/youtube_cache_service_test.dart: YouTubeCacheService should update access count when track is accessed                                                                   00:03 +21: /app/test/services/youtube_cache_service_test.dart: YouTubeCacheService should update access count when track is accessed                                                                   00:03 +22: /app/test/services/youtube_cache_service_test.dart: YouTubeCacheService should update access count when track is accessed                                                                   00:03 +23: /app/test/services/youtube_cache_service_test.dart: YouTubeCacheService should update access count when track is accessed                                                                   00:03 +24: /app/test/services/youtube_cache_service_test.dart: YouTubeCacheService should update access count when track is accessed                                                                   00:03 +25: /app/test/services/youtube_cache_service_test.dart: YouTubeCacheService should update access count when track is accessed                                                                   00:03 +26: /app/test/services/youtube_cache_service_test.dart: YouTubeCacheService should update access count when track is accessed                                                                   00:03 +27: /app/test/services/youtube_cache_service_test.dart: YouTubeCacheService should update access count when track is accessed                                                                   00:03 +27: /app/test/services/youtube_cache_service_test.dart: YouTubeCacheService should delete expired tracks                                                                                        00:03 +28: /app/test/services/youtube_cache_service_test.dart: YouTubeCacheService should delete expired tracks                                                                                        00:03 +28: /app/test/services/youtube_cache_service_test.dart: YouTubeCacheService should identify tracks expiring soon                                                                                00:03 +29: /app/test/services/youtube_cache_service_test.dart: YouTubeCacheService should identify tracks expiring soon                                                                                00:03 +29: /app/test/services/youtube_cache_service_test.dart: YouTubeCacheService should prune old cache entries                                                                                      00:03 +30: /app/test/services/youtube_cache_service_test.dart: YouTubeCacheService should prune old cache entries                                                                                      00:03 +30: /app/test/services/youtube_cache_service_test.dart: YouTubeCacheService should get cache statistics                                                                                         00:03 +31: /app/test/services/youtube_cache_service_test.dart: YouTubeCacheService should get cache statistics                                                                                         00:03 +31: /app/test/services/youtube_cache_service_test.dart: YouTubeCacheService should clear all cache                                                                                              00:03 +32: /app/test/services/youtube_cache_service_test.dart: YouTubeCacheService should clear all cache                                                                                              00:03 +32: /app/test/services/youtube_cache_service_test.dart: YouTubeCacheService should handle cache miss gracefully                                                                                 00:03 +33: /app/test/services/youtube_cache_service_test.dart: YouTubeCacheService should handle cache miss gracefully                                                                                 00:03 +33: /app/test/services/youtube_cache_service_test.dart: YouTubeCacheService should link YouTube tracks to discovery sessions                                                                    00:03 +33 -1: /app/test/services/youtube_cache_service_test.dart: YouTubeCacheService should link YouTube tracks to discovery sessions [E]
  SqliteException(787): while executing statement, FOREIGN KEY constraint failed, constraint failed (code 787)
    Causing statement: INSERT INTO "discovery_sessions" ("seed_song_id", "seed_artist", "seed_genre", "source_id", "mode", "playlist_size", "youtube_ratio", "station_name") VALUES (?, ?, ?, ?, ?, ?, ?, ?), parameters: seed123, Test Artist, null, 1, online, 50, 0.3, Test Station
  package:sqlite3/src/implementation/exception.dart 75:3                throwException
  package:sqlite3/src/implementation/statement.dart 109:7               StatementImplementation._execute
  package:sqlite3/src/implementation/statement.dart 289:5               StatementImplementation.executeWith
  package:sqlite3/src/statement.dart 79:12                              CommonPreparedStatement.execute
  package:drift/src/sqlite3/database.dart 149:14                        Sqlite3Delegate.runWithArgsSync
  package:drift/native.dart 332:7                                       _NativeDelegate.runInsert.<fn>
  dart:async                                                            new Future.sync
  package:drift/native.dart 331:19                                      _NativeDelegate.runInsert
  package:drift/src/runtime/executor/helpers/engines.dart 105:19        _BaseExecutor.runInsert.<fn>
  package:drift/src/runtime/executor/helpers/engines.dart 61:20         _BaseExecutor._synchronized
  package:drift/src/runtime/executor/helpers/engines.dart 102:12        _BaseExecutor.runInsert
  package:drift/src/runtime/query_builder/statements/insert.dart 74:26  InsertStatement.insert.<fn>
  package:drift/src/runtime/api/connection_user.dart 162:64             DatabaseConnectionUser.doWhenOpened.<fn>
  ===== asynchronous gap ===========================
  dart:async                                                            new Future.sync
  package:drift/native.dart 331:19                                      _NativeDelegate.runInsert
  package:drift/src/runtime/executor/helpers/engines.dart 105:19        _BaseExecutor.runInsert.<fn>
  package:drift/src/runtime/executor/helpers/engines.dart 61:20         _BaseExecutor._synchronized
  package:drift/src/runtime/executor/helpers/engines.dart 102:12        _BaseExecutor.runInsert
  package:drift/src/runtime/query_builder/statements/insert.dart 74:26  InsertStatement.insert.<fn>
  package:drift/src/runtime/api/connection_user.dart 162:64             DatabaseConnectionUser.doWhenOpened.<fn>
  ===== asynchronous gap ===========================
  dart:async                                                            Future.then
  package:drift/src/runtime/api/connection_user.dart 162:50             DatabaseConnectionUser.doWhenOpened
  package:drift/src/runtime/query_builder/statements/insert.dart 73:27  InsertStatement.insert
  package:subtracks/database/database.dart 706:50                       SubtracksDatabase.createDiscoverySession
  test/services/youtube_cache_service_test.dart 433:40                  main.<fn>.<fn>


To run this test again: /opt/flutter/bin/cache/dart-sdk/bin/dart test /app/test/services/youtube_cache_service_test.dart -p vm --plain-name 'YouTubeCacheService should link YouTube tracks to discovery sessions'
00:04 +33 -1: loading /app/test/services/youtube_discovery_service_test.dart                                                                                                                           00:04 +33 -1: /app/test/services/youtube_discovery_service_test.dart: YouTubeSearchResult fromJson parses search result correctly                                                                      00:04 +34 -1: /app/test/services/youtube_discovery_service_test.dart: YouTubeSearchResult fromJson parses search result correctly                                                                      00:04 +34 -1: /app/test/services/youtube_discovery_service_test.dart: YouTubeAudioFormat extractCodec extracts codec from type string                                                                  00:04 +35 -1: /app/test/services/youtube_discovery_service_test.dart: YouTubeAudioFormat extractCodec extracts codec from type string                                                                  00:04 +35 -1: /app/test/services/youtube_discovery_service_test.dart: YouTubeAudioFormat isAudioOnly correctly identifies audio streams                                                                00:04 +36 -1: /app/test/services/youtube_discovery_service_test.dart: YouTubeAudioFormat isAudioOnly correctly identifies audio streams                                                                00:04 +36 -1: /app/test/services/youtube_discovery_service_test.dart: InvidiousSearchResponse fromJson parses Invidious search response                                                                00:04 +37 -1: /app/test/services/youtube_discovery_service_test.dart: InvidiousSearchResponse fromJson parses Invidious search response                                                                00:04 +37 -1: /app/test/services/youtube_discovery_service_test.dart: InvidiousSearchResponse getThumbnailUrl extracts thumbnail                                                                       00:04 +38 -1: /app/test/services/youtube_discovery_service_test.dart: InvidiousSearchResponse getThumbnailUrl extracts thumbnail                                                                       00:04 +38 -1: /app/test/services/youtube_discovery_service_test.dart: InvidiousSearchResponse toSearchResult converts to YouTubeSearchResult                                                           00:04 +39 -1: /app/test/services/youtube_discovery_service_test.dart: InvidiousSearchResponse toSearchResult converts to YouTubeSearchResult                                                           00:04 +39 -1: /app/test/services/youtube_discovery_service_test.dart: InvidiousVideoResponse fromJson parses Invidious video response                                                                  00:04 +40 -1: /app/test/services/youtube_discovery_service_test.dart: InvidiousVideoResponse fromJson parses Invidious video response                                                                  00:04 +40 -1: /app/test/services/youtube_discovery_service_test.dart: InvidiousVideoResponse toVideoInfo filters audio-only formats                                                                    00:04 +41 -1: /app/test/services/youtube_discovery_service_test.dart: InvidiousVideoResponse toVideoInfo filters audio-only formats                                                                    00:04 +41 -1: /app/test/services/youtube_discovery_service_test.dart: YouTubeConfig has correct configuration values                                                                                   00:04 +41 -2: /app/test/services/youtube_discovery_service_test.dart: YouTubeConfig has correct configuration values [E]
  Expected: 'http://192.168.0.214:3000'
    Actual: 'https://youtube.404oak.com'
     Which: is different.
            Expected: http://192.168 ...
              Actual: https://youtub ...
                          ^
             Differ at offset 4

  package:matcher                                          expect
  package:flutter_test/src/widget_tester.dart 473:18       expect
  test/services/youtube_discovery_service_test.dart 223:7  main.<fn>.<fn>


To run this test again: /opt/flutter/bin/cache/dart-sdk/bin/dart test /app/test/services/youtube_discovery_service_test.dart -p vm --plain-name 'YouTubeConfig has correct configuration values'
00:04 +41 -2: /app/test/services/youtube_discovery_service_test.dart: YouTubeConfig has reasonable duration limits                                                                                     00:04 +42 -2: /app/test/services/youtube_discovery_service_test.dart: YouTubeConfig has reasonable duration limits                                                                                     00:04 +42 -2: /app/test/services/youtube_discovery_service_test.dart: YouTube Exceptions YouTubeServiceException formats message correctly                                                             00:04 +43 -2: /app/test/services/youtube_discovery_service_test.dart: YouTube Exceptions YouTubeServiceException formats message correctly                                                             00:04 +43 -2: /app/test/services/youtube_discovery_service_test.dart: YouTube Exceptions InvidiousApiException includes status code                                                                    00:04 +44 -2: /app/test/services/youtube_discovery_service_test.dart: YouTube Exceptions InvidiousApiException includes status code                                                                    00:04 +44 -2: /app/test/services/youtube_discovery_service_test.dart: YouTube Exceptions NoAudioStreamException includes video ID                                                                      00:04 +45 -2: /app/test/services/youtube_discovery_service_test.dart: YouTube Exceptions NoAudioStreamException includes video ID                                                                      00:04 +45 -2: /app/test/services/youtube_discovery_service_test.dart: YouTube Exceptions RateLimitException includes limit info                                                                        00:04 +46 -2: /app/test/services/youtube_discovery_service_test.dart: YouTube Exceptions RateLimitException includes limit info                                                                        00:04 +46 -2: /app/test/services/youtube_discovery_service_test.dart: YouTube Exceptions VideoNotFoundException includes video ID                                                                      00:04 +47 -2: /app/test/services/youtube_discovery_service_test.dart: YouTube Exceptions VideoNotFoundException includes video ID                                                                      00:04 +47 -2: /app/test/services/youtube_discovery_service_test.dart: Music Content Filtering filters out non-music keywords                                                                           00:04 +48 -2: /app/test/services/youtube_discovery_service_test.dart: Music Content Filtering filters out non-music keywords                                                                           00:04 +48 -2: /app/test/services/youtube_discovery_service_test.dart: Music Content Filtering recognizes music keywords                                                                                00:04 +49 -2: /app/test/services/youtube_discovery_service_test.dart: Music Content Filtering recognizes music keywords                                                                                00:04 +49 -2: /app/test/services/youtube_discovery_service_test.dart: Music Content Filtering recognizes official channel suffixes                                                                     00:04 +50 -2: /app/test/services/youtube_discovery_service_test.dart: Music Content Filtering recognizes official channel suffixes                                                                     00:04 +50 -2: /app/test/services/youtube_discovery_service_test.dart: Audio Stream Extraction extracts URL expiry timestamp                                                                            00:04 +51 -2: /app/test/services/youtube_discovery_service_test.dart: Audio Stream Extraction extracts URL expiry timestamp                                                                            00:04 +51 -2: /app/test/services/youtube_discovery_service_test.dart: Audio Stream Extraction prefers higher bitrate audio                                                                             00:04 +52 -2: /app/test/services/youtube_discovery_service_test.dart: Audio Stream Extraction prefers higher bitrate audio                                                                             00:04 +52 -2: /app/test/services/youtube_discovery_service_test.dart: Rate Limiting rate limit configuration is reasonable                                                                             00:04 +53 -2: /app/test/services/youtube_discovery_service_test.dart: Rate Limiting rate limit configuration is reasonable                                                                             00:04 +53 -2: /app/test/services/youtube_discovery_service_test.dart: Retry Logic retry configuration is reasonable                                                                                    00:04 +54 -2: /app/test/services/youtube_discovery_service_test.dart: Retry Logic retry configuration is reasonable                                                                                    00:04 +54 -2: /app/test/services/youtube_discovery_service_test.dart: Integration - Search and Parse parses search response and filters correctly                                                      00:04 +55 -2: /app/test/services/youtube_discovery_service_test.dart: Integration - Search and Parse parses search response and filters correctly                                                      00:04 +55 -2: /app/test/services/youtube_discovery_service_test.dart: Integration - Video Info and Audio Extraction parses video info and extracts best audio                                          00:04 +56 -2: /app/test/services/youtube_discovery_service_test.dart: Integration - Video Info and Audio Extraction parses video info and extracts best audio                                          00:04 +56 -2: /app/test/services/youtube_discovery_service_test.dart: Integration - Video Info and Audio Extraction handles video with no audio formats                                                00:04 +57 -2: /app/test/services/youtube_discovery_service_test.dart: Integration - Video Info and Audio Extraction handles video with no audio formats                                                00:04 +57 -2: /app/test/services/youtube_discovery_service_test.dart: URL Parsing parses YouTube stream URLs correctly                                                                                 00:04 +58 -2: /app/test/services/youtube_discovery_service_test.dart: URL Parsing parses YouTube stream URLs correctly                                                                                 00:04 +58 -2: /app/test/services/youtube_discovery_service_test.dart: Error Scenarios handles malformed JSON gracefully                                                                                00:04 +59 -2: /app/test/services/youtube_discovery_service_test.dart: Error Scenarios handles malformed JSON gracefully                                                                                00:04 +59 -2: /app/test/services/youtube_discovery_service_test.dart: Error Scenarios handles missing required fields in JSON                                                                          00:04 +60 -2: /app/test/services/youtube_discovery_service_test.dart: Error Scenarios handles missing required fields in JSON                                                                          00:04 +60 -2: /app/test/services/youtube_discovery_service_test.dart: Error Scenarios handles null values in optional fields                                                                           00:04 +61 -2: /app/test/services/youtube_discovery_service_test.dart: Error Scenarios handles null values in optional fields                                                                           00:04 +61 -2: /app/test/services/youtube_discovery_service_test.dart: Performance processes large search results efficiently                                                                           00:04 +62 -2: /app/test/services/youtube_discovery_service_test.dart: Performance processes large search results efficiently                                                                           00:04 +62 -2: loading /app/test/services/hybrid_discovery_test.dart                                                                                                                                    00:04 +62 -2: /app/test/services/hybrid_discovery_test.dart: HybridTrack creates local track correctly                                                                                                 00:04 +63 -2: /app/test/services/hybrid_discovery_test.dart: HybridTrack creates local track correctly                                                                                                 00:04 +63 -2: /app/test/services/hybrid_discovery_test.dart: HybridTrack creates YouTube track correctly                                                                                               00:04 +64 -2: /app/test/services/hybrid_discovery_test.dart: HybridTrack creates YouTube track correctly                                                                                               00:04 +64 -2: /app/test/services/hybrid_discovery_test.dart: HybridTrack creates from Song using factory                                                                                               00:04 +65 -2: /app/test/services/hybrid_discovery_test.dart: HybridTrack creates from Song using factory                                                                                               00:04 +65 -2: /app/test/services/hybrid_discovery_test.dart: HybridTrack creates from YouTubeSearchResult using factory                                                                                00:04 +66 -2: /app/test/services/hybrid_discovery_test.dart: HybridTrack creates from YouTubeSearchResult using factory                                                                                00:04 +66 -2: /app/test/services/hybrid_discovery_test.dart: HybridTrack creates list from Songs                                                                                                       00:04 +67 -2: /app/test/services/hybrid_discovery_test.dart: HybridTrack creates list from Songs                                                                                                       00:04 +67 -2: /app/test/services/hybrid_discovery_test.dart: HybridTrack creates list from YouTube search results                                                                                      00:04 +68 -2: /app/test/services/hybrid_discovery_test.dart: HybridTrack creates list from YouTube search results                                                                                      00:04 +68 -2: /app/test/services/hybrid_discovery_test.dart: DiscoveryConfig - YouTube Settings has correct defaults                                                                                   00:04 +69 -2: /app/test/services/hybrid_discovery_test.dart: DiscoveryConfig - YouTube Settings has correct defaults                                                                                   00:04 +69 -2: /app/test/services/hybrid_discovery_test.dart: DiscoveryConfig - YouTube Settings copyWith updates YouTube settings                                                                      00:04 +70 -2: /app/test/services/hybrid_discovery_test.dart: DiscoveryConfig - YouTube Settings copyWith updates YouTube settings                                                                      00:04 +70 -2: /app/test/services/hybrid_discovery_test.dart: DiscoveryConfig - YouTube Settings normalized preserves YouTube settings                                                                  00:04 +71 -2: /app/test/services/hybrid_discovery_test.dart: DiscoveryConfig - YouTube Settings normalized preserves YouTube settings                                                                  00:04 +71 -2: /app/test/services/hybrid_discovery_test.dart: Blending Algorithm blends empty lists correctly                                                                                           00:04 +72 -2: /app/test/services/hybrid_discovery_test.dart: Blending Algorithm blends empty lists correctly                                                                                           00:04 +72 -2: /app/test/services/hybrid_discovery_test.dart: Blending Algorithm returns all local when no YouTube tracks                                                                               00:04 +73 -2: /app/test/services/hybrid_discovery_test.dart: Blending Algorithm returns all local when no YouTube tracks                                                                               00:04 +73 -2: /app/test/services/hybrid_discovery_test.dart: Blending Algorithm returns all YouTube when no local tracks                                                                               00:04 +74 -2: /app/test/services/hybrid_discovery_test.dart: Blending Algorithm returns all YouTube when no local tracks                                                                               00:04 +74 -2: /app/test/services/hybrid_discovery_test.dart: Blending Algorithm blends 70/30 ratio correctly                                                                                           00:04 +75 -2: /app/test/services/hybrid_discovery_test.dart: Blending Algorithm blends 70/30 ratio correctly                                                                                           00:04 +75 -2: /app/test/services/hybrid_discovery_test.dart: Blending Algorithm blends 50/50 ratio correctly                                                                                           00:04 +76 -2: /app/test/services/hybrid_discovery_test.dart: Blending Algorithm blends 50/50 ratio correctly                                                                                           00:04 +76 -2: /app/test/services/hybrid_discovery_test.dart: Blending Algorithm distributes YouTube tracks evenly throughout playlist                                                                  00:04 +77 -2: /app/test/services/hybrid_discovery_test.dart: Blending Algorithm distributes YouTube tracks evenly throughout playlist                                                                  00:04 +77 -2: /app/test/services/hybrid_discovery_test.dart: Blending Algorithm handles partial YouTube availability                                                                                   00:04 +78 -2: /app/test/services/hybrid_discovery_test.dart: Blending Algorithm handles partial YouTube availability                                                                                   00:04 +78 -2: /app/test/services/hybrid_discovery_test.dart: Blending Algorithm handles 100% YouTube ratio                                                                                             00:04 +79 -2: /app/test/services/hybrid_discovery_test.dart: Blending Algorithm handles 100% YouTube ratio                                                                                             00:04 +79 -2: /app/test/services/hybrid_discovery_test.dart: Blending Algorithm handles 0% YouTube ratio                                                                                               00:04 +80 -2: /app/test/services/hybrid_discovery_test.dart: Blending Algorithm handles 0% YouTube ratio                                                                                               00:04 +80 -2: /app/test/services/hybrid_discovery_test.dart: WeightedHybridTrack stores track and score correctly                                                                                      00:04 +81 -2: /app/test/services/hybrid_discovery_test.dart: WeightedHybridTrack stores track and score correctly                                                                                      00:04 +81 -2: /app/test/services/hybrid_discovery_test.dart: WeightedHybridTrack toString includes source type                                                                                         00:04 +82 -2: /app/test/services/hybrid_discovery_test.dart: WeightedHybridTrack toString includes source type                                                                                         00:04 +82 -2: Some tests failed.
